// Jest Snapshot v1, https://goo.gl/fbAQLP

exports[`Divider matches snapshot 1`] = `
<View
  style={
    [
      {
        "width": "100%",
      },
      {
        "paddingHorizontal": 12,
        "paddingVertical": 0,
      },
      {
        "marginVertical": 8,
      },
    ]
  }
>
  <View
    style={
      [
        {
          "width": "100%",
        },
        {
          "backgroundColor": "#1b7194",
          "height": 4,
        },
      ]
    }
  />
</View>
`;
